[0.008s][info][gc] Using Serial
[27.376s][info][gc] GC(0) Pause Young (Allocation Failure) 4M->2M(15M) 3.047ms
[27.387s][info][gc] GC(1) Pause Young (Allocation Failure) 6M->2M(15M) 1.175ms
[27.394s][info][gc] GC(2) Pause Young (Allocation Failure) 6M->2M(15M) 0.165ms
[27.400s][info][gc] GC(3) Pause Young (Allocation Failure) 6M->2M(15M) 0.208ms
[27.407s][info][gc] GC(4) Pause Young (Allocation Failure) 6M->2M(15M) 0.164ms
[104.943s][info][gc] GC(5) Pause Young (Allocation Failure) 6M->2M(15M) 0.271ms
[104.947s][info][gc] GC(6) Pause Young (Allocation Failure) 6M->2M(15M) 0.148ms
[104.951s][info][gc] GC(7) Pause Young (Allocation Failure) 6M->2M(15M) 0.107ms
[104.955s][info][gc] GC(8) Pause Young (Allocation Failure) 6M->2M(15M) 0.164ms
[104.959s][info][gc] GC(9) Pause Young (Allocation Failure) 6M->2M(15M) 0.156ms
[104.963s][info][gc] GC(10) Pause Young (Allocation Failure) 6M->2M(15M) 0.135ms
